// Jest Snapshot v1, https://goo.gl/fbAQLP

exports[`AlertItem can display count and isImportant of false 1`] = `
<div
  className="sc-bdVaJa cLamRz"
>
  <div
    className="sc-bwzfXH bENTBn"
  >
    4
  </div>
</div>
`;

exports[`AlertItem can display count and isImportant of true 1`] = `
<div
  className="sc-bdVaJa cLamRz"
>
  <div
    className="sc-bwzfXH gMdCgE"
  >
    3
  </div>
</div>
`;
