// Jest Snapshot v1, https://goo.gl/fbAQLP

exports[`inPostItem_foot_shop render correctly when isRequestingPost is false 1`] = `
<button
  className="btn btn-success"
  id="outPostItem-requestBtn-react"
  onClick={[Function]}
>
  request
</button>
`;

exports[`inPostItem_foot_shop render correctly when isRequestingPost is true 1`] = `
<LoadingIcon
  text="requesting"
/>
`;
